Waiting for upstream LCER-DCRA: WAIT:status=running:stage=l0_baseline.seeds0_1_2.train
Waiting for upstream LCER-DCRA: WAIT:status=running:stage=l0_baseline.seeds0_1_2.train
Waiting for upstream LCER-DCRA: WAIT:status=running:stage=l0_baseline.seeds0_1_2.train
Waiting for upstream LCER-DCRA: WAIT:status=running:stage=l0_baseline.seeds0_1_2.train
Waiting for upstream LCER-DCRA: WAIT:status=running:stage=l0_baseline.seeds0_1_2.train
Waiting for upstream LCER-DCRA: WAIT:status=running:stage=l0_baseline.seeds0_1_2.train
Waiting for upstream LCER-DCRA: WAIT:status=running:stage=l0_baseline.seeds0_1_2.train
Waiting for upstream LCER-DCRA: WAIT:status=running:stage=l0_baseline.seeds0_1_2.train
Waiting for upstream LCER-DCRA: WAIT:status=running:stage=l0_baseline.seeds0_1_2.train
Waiting for upstream LCER-DCRA: WAIT:status=running:stage=l0_baseline.seeds0_1_2.train
Waiting for upstream LCER-DCRA: WAIT:status=running:stage=l0_baseline.seeds0_1_2.train
Waiting for upstream LCER-DCRA: WAIT:status=running:stage=l0_baseline.seeds0_1_2.train
Waiting for upstream LCER-DCRA: WAIT:status=running:stage=l0_baseline.seeds0_1_2.train
Waiting for upstream LCER-DCRA: WAIT:status=running:stage=l0_baseline.seeds0_1_2.train
Waiting for upstream LCER-DCRA: WAIT:status=running:stage=l0_baseline.seeds0_1_2.train
Waiting for upstream LCER-DCRA: WAIT:status=running:stage=l0_baseline.seeds0_1_2.train
Waiting for upstream LCER-DCRA: WAIT:status=running:stage=l0_baseline.seeds0_1_2.train
Waiting for upstream LCER-DCRA: WAIT:status=running:stage=l0_baseline.seeds0_1_2.train
Waiting for upstream LCER-DCRA: WAIT:status=running:stage=l0_baseline.seeds0_1_2.train
Waiting for upstream LCER-DCRA: WAIT:status=running:stage=l0_baseline.seeds0_1_2.train
Waiting for upstream LCER-DCRA: WAIT:status=running:stage=l0_baseline.seeds0_1_2.train
Waiting for upstream LCER-DCRA: WAIT:status=running:stage=l0_baseline.seeds0_1_2.train
Waiting for upstream LCER-DCRA: WAIT:status=running:stage=l0_baseline.seeds0_1_2.train
Waiting for upstream LCER-DCRA: WAIT:status=running:stage=l0_baseline.seeds0_1_2.train
Waiting for upstream LCER-DCRA: WAIT:status=running:stage=l0_baseline.seeds0_1_2.train
Waiting for upstream LCER-DCRA: WAIT:status=running:stage=l0_baseline.seeds0_1_2.train
Waiting for upstream LCER-DCRA: WAIT:status=running:stage=l0_baseline.seeds0_1_2.train
Waiting for upstream LCER-DCRA: WAIT:status=running:stage=l0_baseline.seeds0_1_2.train
Waiting for upstream LCER-DCRA: WAIT:status=running:stage=l0_baseline.seeds0_1_2.train
Waiting for upstream LCER-DCRA: WAIT:status=running:stage=l0_baseline.seeds0_1_2.train
Waiting for upstream LCER-DCRA: WAIT:status=running:stage=l0_baseline.seeds0_1_2.train
Waiting for upstream LCER-DCRA: WAIT:status=running:stage=l0_baseline.seeds0_1_2.train
Waiting for upstream LCER-DCRA: WAIT:status=running:stage=l0_baseline.seeds0_1_2.train
Waiting for upstream LCER-DCRA: WAIT:status=running:stage=l0_baseline.seeds0_1_2.train
Waiting for upstream LCER-DCRA: WAIT:status=running:stage=l0_baseline.seeds0_1_2.train
Waiting for upstream LCER-DCRA: WAIT:status=running:stage=l0_baseline.seeds0_1_2.train
Waiting for upstream LCER-DCRA: WAIT:status=running:stage=l0_baseline.seeds0_1_2.train
Waiting for upstream LCER-DCRA: WAIT:status=running:stage=l0_baseline.seeds0_1_2.train
Waiting for upstream LCER-DCRA: WAIT:status=running:stage=l0_baseline.seeds0_1_2.train
Waiting for upstream LCER-DCRA: WAIT:status=running:stage=l0_baseline.seeds0_1_2.train
Waiting for upstream LCER-DCRA: WAIT:status=running:stage=l0_baseline.seeds0_1_2.train
Waiting for upstream LCER-DCRA: WAIT:status=running:stage=l0_baseline.seeds0_1_2.train
Waiting for upstream LCER-DCRA: WAIT:status=running:stage=l0_baseline.seeds0_1_2.train
Waiting for upstream LCER-DCRA: WAIT:status=running:stage=l0_baseline.seeds0_1_2.train
Waiting for upstream LCER-DCRA: WAIT:status=running:stage=l0_baseline.seeds0_1_2.train
Waiting for upstream LCER-DCRA: WAIT:status=running:stage=l0_baseline.seeds0_1_2.train
Waiting for upstream LCER-DCRA: WAIT:status=running:stage=l0_baseline.seeds0_1_2.train
Waiting for upstream LCER-DCRA: WAIT:status=running:stage=l0_baseline.seeds0_1_2.train
Waiting for upstream LCER-DCRA: WAIT:status=running:stage=l0_baseline.seeds0_1_2.train
Waiting for upstream LCER-DCRA: WAIT:status=running:stage=l0_baseline.seeds0_1_2.train
Waiting for upstream LCER-DCRA: WAIT:status=running:stage=l0_baseline.seeds0_1_2.train
Waiting for upstream LCER-DCRA: WAIT:status=running:stage=l0_baseline.seeds0_1_2.train
Waiting for upstream LCER-DCRA: WAIT:status=running:stage=l0_baseline.seeds0_1_2.train
Waiting for upstream LCER-DCRA: WAIT:status=running:stage=l0_baseline.seeds0_1_2.train
Waiting for upstream LCER-DCRA: WAIT:status=running:stage=l0_baseline.seeds0_1_2.train
Waiting for upstream LCER-DCRA: WAIT:status=running:stage=l0_baseline.seeds0_1_2.train
Waiting for upstream LCER-DCRA: WAIT:status=running:stage=l0_baseline.seeds0_1_2.train
Waiting for upstream LCER-DCRA: WAIT:status=running:stage=l0_baseline.seeds0_1_2.train
Waiting for upstream LCER-DCRA: WAIT:status=running:stage=l0_baseline.seeds0_1_2.train
Waiting for upstream LCER-DCRA: WAIT:status=running:stage=l0_baseline.seeds0_1_2.train
Waiting for upstream LCER-DCRA: WAIT:status=running:stage=l0_baseline.seeds0_1_2.train
Waiting for upstream LCER-DCRA: WAIT:status=running:stage=l0_baseline.seeds0_1_2.train
Waiting for upstream LCER-DCRA: WAIT:status=running:stage=l0_baseline.seeds0_1_2.train
Waiting for upstream LCER-DCRA: WAIT:status=running:stage=l0_baseline.seeds0_1_2.train
Waiting for upstream LCER-DCRA: WAIT:status=running:stage=l0_baseline.seeds0_1_2.train
Waiting for upstream LCER-DCRA: WAIT:status=running:stage=l0_baseline.seeds0_1_2.train
Waiting for upstream LCER-DCRA: WAIT:status=running:stage=l0_baseline.seeds0_1_2.train
Waiting for upstream LCER-DCRA: WAIT:status=running:stage=l0_baseline.seeds0_1_2.train
Waiting for upstream LCER-DCRA: WAIT:status=running:stage=l0_baseline.seeds0_1_2.train
Waiting for upstream LCER-DCRA: WAIT:status=running:stage=l0_baseline.seeds0_1_2.train
Waiting for upstream LCER-DCRA: WAIT:status=running:stage=l0_baseline.seeds0_1_2.train
Waiting for upstream LCER-DCRA: WAIT:status=running:stage=l0_baseline.seeds0_1_2.train
Waiting for upstream LCER-DCRA: WAIT:status=running:stage=l0_baseline.seeds0_1_2.train
Waiting for upstream LCER-DCRA: WAIT:status=running:stage=l0_baseline.seeds0_1_2.train
Waiting for upstream LCER-DCRA: WAIT:status=running:stage=l0_baseline.seeds0_1_2.train
Waiting for upstream LCER-DCRA: WAIT:status=running:stage=l0_baseline.seeds0_1_2.train
Waiting for upstream LCER-DCRA: WAIT:status=running:stage=l3_local_consensus.seeds0_1_2.train
Waiting for upstream LCER-DCRA: WAIT:status=running:stage=l3_local_consensus.seeds0_1_2.train
Waiting for upstream LCER-DCRA: WAIT:status=running:stage=l3_local_consensus.seeds0_1_2.train
Waiting for upstream LCER-DCRA: WAIT:status=running:stage=l3_local_consensus.seeds0_1_2.train
Waiting for upstream LCER-DCRA: WAIT:status=running:stage=l3_local_consensus.seeds0_1_2.train
Waiting for upstream LCER-DCRA: WAIT:status=running:stage=l3_local_consensus.seeds0_1_2.train
Waiting for upstream LCER-DCRA: WAIT:status=running:stage=l3_local_consensus.seeds0_1_2.train
Waiting for upstream LCER-DCRA: WAIT:status=running:stage=l3_local_consensus.seeds0_1_2.train
Waiting for upstream LCER-DCRA: WAIT:status=running:stage=l3_local_consensus.seeds0_1_2.train
Waiting for upstream LCER-DCRA: WAIT:status=running:stage=l3_local_consensus.seeds0_1_2.train
Waiting for upstream LCER-DCRA: WAIT:status=running:stage=l3_local_consensus.seeds0_1_2.train
Waiting for upstream LCER-DCRA: WAIT:status=running:stage=l3_local_consensus.seeds0_1_2.train
Waiting for upstream LCER-DCRA: WAIT:status=running:stage=l3_local_consensus.seeds0_1_2.train
Waiting for upstream LCER-DCRA: WAIT:status=running:stage=l3_local_consensus.seeds0_1_2.train
Waiting for upstream LCER-DCRA: WAIT:status=running:stage=l3_local_consensus.seeds0_1_2.train
Waiting for upstream LCER-DCRA: WAIT:status=running:stage=l3_local_consensus.seeds0_1_2.train
Waiting for upstream LCER-DCRA: WAIT:status=running:stage=l3_local_consensus.seeds0_1_2.train
Waiting for upstream LCER-DCRA: WAIT:status=running:stage=l3_local_consensus.seeds0_1_2.train
Waiting for upstream LCER-DCRA: WAIT:status=running:stage=l3_local_consensus.seeds0_1_2.train
Waiting for upstream LCER-DCRA: WAIT:status=running:stage=l3_local_consensus.seeds0_1_2.train
Waiting for upstream LCER-DCRA: WAIT:status=running:stage=l3_local_consensus.seeds0_1_2.train
Waiting for upstream LCER-DCRA: WAIT:status=running:stage=l3_local_consensus.seeds0_1_2.train
Waiting for upstream LCER-DCRA: WAIT:status=running:stage=l3_local_consensus.seeds0_1_2.train
Waiting for upstream LCER-DCRA: WAIT:status=running:stage=l3_local_consensus.seeds0_1_2.train
Waiting for upstream LCER-DCRA: WAIT:status=running:stage=l3_local_consensus.seeds0_1_2.train
Waiting for upstream LCER-DCRA: WAIT:status=running:stage=l3_local_consensus.seeds0_1_2.train
Waiting for upstream LCER-DCRA: WAIT:status=running:stage=l3_local_consensus.seeds0_1_2.train
Waiting for upstream LCER-DCRA: WAIT:status=running:stage=l3_local_consensus.seeds0_1_2.train
Waiting for upstream LCER-DCRA: WAIT:status=running:stage=l3_local_consensus.seeds0_1_2.train
Waiting for upstream LCER-DCRA: WAIT:status=running:stage=l3_local_consensus.seeds0_1_2.train
Waiting for upstream LCER-DCRA: WAIT:status=running:stage=l3_local_consensus.seeds0_1_2.train
Waiting for upstream LCER-DCRA: WAIT:status=running:stage=l3_local_consensus.seeds0_1_2.train
Waiting for upstream LCER-DCRA: WAIT:status=running:stage=l3_local_consensus.seeds0_1_2.train
Waiting for upstream LCER-DCRA: WAIT:status=running:stage=l3_local_consensus.seeds0_1_2.train
Waiting for upstream LCER-DCRA: WAIT:status=running:stage=l3_local_consensus.seeds0_1_2.train
Waiting for upstream LCER-DCRA: WAIT:status=running:stage=l3_local_consensus.seeds0_1_2.train
Waiting for upstream LCER-DCRA: WAIT:status=running:stage=l3_local_consensus.seeds0_1_2.train
Waiting for upstream LCER-DCRA: WAIT:status=running:stage=l3_local_consensus.seeds0_1_2.train
Waiting for upstream LCER-DCRA: WAIT:status=running:stage=l3_local_consensus.seeds0_1_2.train
Waiting for upstream LCER-DCRA: WAIT:status=running:stage=l3_local_consensus.seeds0_1_2.train
Waiting for upstream LCER-DCRA: WAIT:status=running:stage=l3_local_consensus.seeds0_1_2.train
Waiting for upstream LCER-DCRA: WAIT:status=running:stage=l3_local_consensus.seeds0_1_2.train
Waiting for upstream LCER-DCRA: WAIT:status=running:stage=l3_local_consensus.seeds0_1_2.train
Waiting for upstream LCER-DCRA: WAIT:status=running:stage=l3_local_consensus.seeds0_1_2.train
Waiting for upstream LCER-DCRA: WAIT:status=running:stage=l3_local_consensus.seeds0_1_2.train
Waiting for upstream LCER-DCRA: WAIT:status=running:stage=l3_local_consensus.seeds0_1_2.train
Waiting for upstream LCER-DCRA: WAIT:status=running:stage=l3_local_consensus.seeds0_1_2.train
Waiting for upstream LCER-DCRA: WAIT:status=running:stage=l3_local_consensus.seeds0_1_2.train
Waiting for upstream LCER-DCRA: WAIT:status=running:stage=l3_local_consensus.seeds0_1_2.train
Waiting for upstream LCER-DCRA: WAIT:status=running:stage=l3_local_consensus.seeds0_1_2.train
Waiting for upstream LCER-DCRA: WAIT:status=running:stage=l3_local_consensus.seeds0_1_2.train
Waiting for upstream LCER-DCRA: WAIT:status=running:stage=l3_local_consensus.seeds0_1_2.train
Waiting for upstream LCER-DCRA: WAIT:status=running:stage=l3_local_consensus.seeds0_1_2.train
Waiting for upstream LCER-DCRA: WAIT:status=running:stage=l3_local_consensus.seeds0_1_2.train
Waiting for upstream LCER-DCRA: WAIT:status=running:stage=l3_local_consensus.seeds0_1_2.train
Waiting for upstream LCER-DCRA: WAIT:status=running:stage=l3_local_consensus.seeds0_1_2.train
Waiting for upstream LCER-DCRA: WAIT:status=running:stage=l3_local_consensus.seeds0_1_2.train
Waiting for upstream LCER-DCRA: WAIT:status=running:stage=l3_local_consensus.seeds0_1_2.train
Waiting for upstream LCER-DCRA: WAIT:status=running:stage=l3_local_consensus.seeds0_1_2.train
Waiting for upstream LCER-DCRA: WAIT:status=running:stage=l3_local_consensus.seeds0_1_2.train
Waiting for upstream LCER-DCRA: WAIT:status=running:stage=l3_local_consensus.seeds0_1_2.train
Waiting for upstream LCER-DCRA: WAIT:status=running:stage=l3_local_consensus.seeds0_1_2.train
Waiting for upstream LCER-DCRA: WAIT:status=running:stage=l3_local_consensus.seeds0_1_2.train
Waiting for upstream LCER-DCRA: WAIT:status=running:stage=l3_local_consensus.seeds0_1_2.train
Waiting for upstream LCER-DCRA: WAIT:status=running:stage=l3_local_consensus.seeds0_1_2.train
Waiting for upstream LCER-DCRA: WAIT:status=running:stage=l3_local_consensus.seeds0_1_2.train
Waiting for upstream LCER-DCRA: WAIT:status=running:stage=l3_local_consensus.seeds0_1_2.train
Waiting for upstream LCER-DCRA: WAIT:status=running:stage=l3_local_consensus.seeds0_1_2.train
Waiting for upstream LCER-DCRA: WAIT:status=running:stage=l3_local_consensus.seeds0_1_2.train
Waiting for upstream LCER-DCRA: WAIT:status=running:stage=l3_local_consensus.seeds0_1_2.train
Waiting for upstream LCER-DCRA: WAIT:status=running:stage=l3_local_consensus.seeds0_1_2.train
Waiting for upstream LCER-DCRA: WAIT:status=running:stage=l3_local_consensus.seeds0_1_2.train
Waiting for upstream LCER-DCRA: WAIT:status=running:stage=l3_local_consensus.seeds0_1_2.train
Waiting for upstream LCER-DCRA: WAIT:status=running:stage=l3_local_consensus.seeds0_1_2.train
Waiting for upstream LCER-DCRA: WAIT:status=running:stage=l3_local_consensus.seeds0_1_2.train
Waiting for upstream LCER-DCRA: WAIT:status=running:stage=l3_local_consensus.seeds0_1_2.train
Waiting for upstream LCER-DCRA: WAIT:status=running:stage=l3_local_consensus.seeds0_1_2.train
Waiting for upstream LCER-DCRA: WAIT:status=running:stage=l3_local_consensus.seeds0_1_2.train
Waiting for upstream LCER-DCRA: WAIT:status=running:stage=l3_local_consensus.seeds0_1_2.train
Waiting for upstream LCER-DCRA: WAIT:status=running:stage=l3_local_consensus.seeds0_1_2.train
Waiting for upstream LCER-DCRA: WAIT:status=running:stage=l3_local_consensus.seeds0_1_2.train
Waiting for upstream LCER-DCRA: WAIT:status=running:stage=l3_local_consensus.seeds0_1_2.train
Waiting for upstream LCER-DCRA: WAIT:status=running:stage=l3_local_consensus.seeds0_1_2.train
Waiting for upstream LCER-DCRA: WAIT:status=running:stage=l3_local_consensus.seeds0_1_2.train
Waiting for upstream LCER-DCRA: WAIT:status=running:stage=l3_local_consensus.seeds0_1_2.train
Waiting for upstream LCER-DCRA: WAIT:status=running:stage=l3_local_consensus.seeds0_1_2.train
Waiting for upstream LCER-DCRA: WAIT:status=running:stage=l3_local_consensus.seeds0_1_2.train
Waiting for upstream LCER-DCRA: WAIT:status=running:stage=l3_local_consensus.seeds0_1_2.train
Waiting for upstream LCER-DCRA: WAIT:status=running:stage=l3_local_consensus.seeds0_1_2.train
Waiting for upstream LCER-DCRA: WAIT:status=running:stage=l3_local_consensus.seeds0_1_2.train
Waiting for upstream LCER-DCRA: WAIT:status=running:stage=l3_local_consensus.seeds0_1_2.train
Waiting for upstream LCER-DCRA: WAIT:status=running:stage=l3_local_consensus.seeds0_1_2.train
Waiting for upstream LCER-DCRA: WAIT:status=running:stage=l3_local_consensus.seeds0_1_2.train
Waiting for upstream LCER-DCRA: WAIT:status=running:stage=l3_local_consensus.seeds0_1_2.train
Waiting for upstream LCER-DCRA: WAIT:status=running:stage=l3_local_consensus.seeds0_1_2.train
Waiting for upstream LCER-DCRA: WAIT:status=running:stage=l3_local_consensus.seeds0_1_2.train
Waiting for upstream LCER-DCRA: WAIT:status=running:stage=l3_local_consensus.seeds0_1_2.train
Waiting for upstream LCER-DCRA: WAIT:status=running:stage=l3_local_consensus.seeds0_1_2.train
Waiting for upstream LCER-DCRA: WAIT:status=running:stage=l3_local_consensus.seeds0_1_2.train
Waiting for upstream LCER-DCRA: WAIT:status=running:stage=l3_local_consensus.seeds0_1_2.train
Waiting for upstream LCER-DCRA: WAIT:status=running:stage=l3_local_consensus.seeds0_1_2.train
Waiting for upstream LCER-DCRA: WAIT:status=running:stage=l3_local_consensus.seeds0_1_2.train
Waiting for upstream LCER-DCRA: WAIT:status=running:stage=l3_local_consensus.seeds0_1_2.train
Waiting for upstream LCER-DCRA: WAIT:status=running:stage=l3_local_consensus.seeds0_1_2.train
Waiting for upstream LCER-DCRA: WAIT:status=running:stage=l3_local_consensus.seeds0_1_2.train
Waiting for upstream LCER-DCRA: WAIT:status=running:stage=l3_local_consensus.seeds0_1_2.train
Waiting for upstream LCER-DCRA: WAIT:status=running:stage=l3_local_consensus.seeds0_1_2.train
Waiting for upstream LCER-DCRA: WAIT:status=running:stage=l3_local_consensus.seeds0_1_2.train
Waiting for upstream LCER-DCRA: WAIT:status=running:stage=l3_local_consensus.seeds0_1_2.train
Waiting for upstream LCER-DCRA: WAIT:status=running:stage=l3_local_consensus.seeds0_1_2.train
Waiting for upstream LCER-DCRA: WAIT:status=running:stage=l3_local_consensus.seeds0_1_2.train
Waiting for upstream LCER-DCRA: WAIT:status=running:stage=l3_local_consensus.seeds0_1_2.train
Waiting for upstream LCER-DCRA: WAIT:status=running:stage=l3_local_consensus.seeds0_1_2.train
Waiting for upstream LCER-DCRA: WAIT:status=running:stage=l3_local_consensus.seeds0_1_2.train
Waiting for upstream LCER-DCRA: WAIT:status=running:stage=l3_local_consensus.seeds0_1_2.train
Waiting for upstream LCER-DCRA: WAIT:status=running:stage=l3_local_consensus.seeds0_1_2.train
Waiting for upstream LCER-DCRA: WAIT:status=running:stage=l3_local_consensus.seeds0_1_2.train
Waiting for upstream LCER-DCRA: WAIT:status=running:stage=l3_local_consensus.seeds0_1_2.train
Waiting for upstream LCER-DCRA: WAIT:status=running:stage=l3_local_consensus.seeds0_1_2.train
Waiting for upstream LCER-DCRA: WAIT:status=running:stage=l3_local_consensus.seeds0_1_2.train
Waiting for upstream LCER-DCRA: WAIT:status=running:stage=l3_local_consensus.seeds0_1_2.train
Waiting for upstream LCER-DCRA: WAIT:status=running:stage=l3_local_consensus.seeds0_1_2.train
Waiting for upstream LCER-DCRA: WAIT:status=running:stage=l3_local_consensus.seeds0_1_2.train
Waiting for upstream LCER-DCRA: WAIT:status=running:stage=l3_local_consensus.seeds0_1_2.train
Waiting for upstream LCER-DCRA: WAIT:status=running:stage=l3_local_consensus.seeds0_1_2.train
Waiting for upstream LCER-DCRA: WAIT:status=running:stage=l3_local_consensus.seeds0_1_2.train
Waiting for upstream LCER-DCRA: WAIT:status=running:stage=l3_local_consensus.seeds0_1_2.train
Waiting for upstream LCER-DCRA: WAIT:status=running:stage=l3_local_consensus.seeds0_1_2.train
Waiting for upstream LCER-DCRA: WAIT:status=running:stage=l3_local_consensus.seeds0_1_2.train
Waiting for upstream LCER-DCRA: WAIT:status=running:stage=l3_local_consensus.seeds0_1_2.train
Waiting for upstream LCER-DCRA: WAIT:status=running:stage=l3_local_consensus.seeds0_1_2.train
Waiting for upstream LCER-DCRA: WAIT:status=running:stage=l3_local_consensus.seeds0_1_2.train
Waiting for upstream LCER-DCRA: WAIT:status=running:stage=l3_local_consensus.seeds0_1_2.train
Waiting for upstream LCER-DCRA: WAIT:status=running:stage=l3_local_consensus.seeds0_1_2.train
Waiting for upstream LCER-DCRA: WAIT:status=running:stage=l3_local_consensus.seeds0_1_2.train
Waiting for upstream LCER-DCRA: WAIT:status=running:stage=l3_local_consensus.seeds0_1_2.train
Waiting for upstream LCER-DCRA: WAIT:status=running:stage=l3_local_consensus.seeds0_1_2.train
Waiting for upstream LCER-DCRA: WAIT:status=running:stage=l3_local_consensus.seeds0_1_2.train
Waiting for upstream LCER-DCRA: WAIT:status=running:stage=l3_local_consensus.seeds0_1_2.train
Waiting for upstream LCER-DCRA: WAIT:status=running:stage=l3_local_consensus.seeds0_1_2.train
Waiting for upstream LCER-DCRA: WAIT:status=running:stage=l3_local_consensus.seeds0_1_2.train
Waiting for upstream LCER-DCRA: WAIT:status=running:stage=l3_local_consensus.seeds0_1_2.train
Waiting for upstream LCER-DCRA: WAIT:status=running:stage=l3_local_consensus.seeds0_1_2.train
Waiting for upstream LCER-DCRA: WAIT:status=running:stage=l3_local_consensus.seeds0_1_2.train
Waiting for upstream LCER-DCRA: WAIT:status=running:stage=l3_local_consensus.seeds0_1_2.train
Waiting for upstream LCER-DCRA: WAIT:status=running:stage=l3_local_consensus.seeds0_1_2.train
Waiting for upstream LCER-DCRA: WAIT:status=running:stage=l3_local_consensus.seeds0_1_2.train
Waiting for upstream LCER-DCRA: WAIT:status=running:stage=l3_local_consensus.seeds0_1_2.train
Waiting for upstream LCER-DCRA: WAIT:status=running:stage=l3_local_consensus.seeds0_1_2.train
Waiting for upstream LCER-DCRA: WAIT:status=running:stage=l3_local_consensus.seeds0_1_2.train
Waiting for upstream LCER-DCRA: WAIT:status=running:stage=l3_local_consensus.seeds0_1_2.train
Waiting for upstream LCER-DCRA: WAIT:status=running:stage=l3_local_consensus.seeds0_1_2.train
Waiting for upstream LCER-DCRA: WAIT:status=running:stage=l3_local_consensus.seeds0_1_2.train
Waiting for upstream LCER-DCRA: WAIT:status=running:stage=l3_local_consensus.seeds0_1_2.train
Waiting for upstream LCER-DCRA: WAIT:status=running:stage=l3_local_consensus.seeds0_1_2.train
Waiting for upstream LCER-DCRA: WAIT:status=running:stage=l3_local_consensus.seeds0_1_2.train
Waiting for upstream LCER-DCRA: WAIT:status=running:stage=l3_local_consensus.seeds0_1_2.train
Waiting for upstream LCER-DCRA: WAIT:status=running:stage=l3_local_consensus.seeds0_1_2.train
Waiting for upstream LCER-DCRA: WAIT:status=running:stage=l3_local_consensus.seeds0_1_2.test
Waiting for upstream LCER-DCRA: WAIT:status=running:stage=l3_local_consensus.seeds0_1_2.test
Upstream LCER-DCRA completed; starting SEAL.
SEAL URPC2019 ablation chain completed: run_id=seal_20260805_150924
