[32m.[0m[32m.[0m[32m.[0m[32m.[0m[32m.[0m[32m.[0m[32m                                                                   [100%][0m
============================= slowest 30 durations =============================
2.52s call     tests/test_seal_modules.py::test_carm_a3_weights_transfer_with_only_new_seal_keys_missing
0.64s call     tests/test_seal_modules.py::test_all_seal_ablations_build_and_keep_carm_topology
0.29s call     tests/test_seal_modules.py::test_quality_aligned_detect_forward_and_fuse
0.17s call     tests/test_seal_modules.py::test_real_and_empty_gt_losses_are_finite_before_backward
0.01s call     tests/test_seal_modules.py::test_zero_start_is_exact_identity
0.01s call     tests/test_seal_modules.py::test_module_gradients_are_finite_after_release

(12 durations < 0.005s hidden.  Use -vv to show these durations.)
[32m[32m[1m6 passed[0m[32m in 3.64s[0m[0m
FlashAttention is not available on this device. Using scaled_dot_product_attention instead.
WARNING ⚠️ no model scale passed. Assuming scale='n'.
PASS s0-carm-a3
WARNING ⚠️ no model scale passed. Assuming scale='n'.
PASS s1-dsrf
WARNING ⚠️ no model scale passed. Assuming scale='n'.
PASS s2-sarb
WARNING ⚠️ no model scale passed. Assuming scale='n'.
PASS s3-qad
WARNING ⚠️ no model scale passed. Assuming scale='n'.
PASS s4-dsrf-sarb
WARNING ⚠️ no model scale passed. Assuming scale='n'.
PASS s5-dsrf-qad
WARNING ⚠️ no model scale passed. Assuming scale='n'.
PASS s6-sarb-qad
WARNING ⚠️ no model scale passed. Assuming scale='n'.
PASS s7-full
PASS scales=n/s/l/x
FlashAttention is not available on this device. Using scaled_dot_product_attention instead.
WARNING ⚠️ no model scale passed. Assuming scale='n'.
Transferred 847/999 items from pretrained weights
PASS YOLO.load s0
WARNING ⚠️ no model scale passed. Assuming scale='n'.
Transferred 847/1010 items from pretrained weights
PASS YOLO.load s1
WARNING ⚠️ no model scale passed. Assuming scale='n'.
Transferred 847/1016 items from pretrained weights
PASS YOLO.load s2
WARNING ⚠️ no model scale passed. Assuming scale='n'.
Transferred 847/1031 items from pretrained weights
PASS YOLO.load s3
WARNING ⚠️ no model scale passed. Assuming scale='n'.
Transferred 847/1027 items from pretrained weights
PASS YOLO.load s4
WARNING ⚠️ no model scale passed. Assuming scale='n'.
Transferred 847/1042 items from pretrained weights
PASS YOLO.load s5
WARNING ⚠️ no model scale passed. Assuming scale='n'.
Transferred 847/1048 items from pretrained weights
PASS YOLO.load s6
WARNING ⚠️ no model scale passed. Assuming scale='n'.
Transferred 847/1059 items from pretrained weights
PASS YOLO.load s7
WARNING ⚠️ no model scale passed. Assuming scale='n'.
Transferred 847/1059 items from pretrained weights
YOLOv13-seal-s7-full summary: 650 layers, 2,647,627 parameters, 2,647,611 gradients, 7.9 GFLOPs
PASS CUDA amp=False train/eval/fuse
