FlashAttention is not available on this device. Using scaled_dot_product_attention instead.
{
  "imgsz": 128,
  "scales": [
    "n",
    "s",
    "l",
    "x"
  ],
  "models": {
    "l0": {
      "n": {
        "yaml": "/home/room305/ZZF/yolov13yuan-6000/ultralytics/cfg/models/v13/cmrf_ablation/yolov13-cmrf-l0.yaml",
        "layer4": "DSC3k2",
        "layer19": "Upsample",
        "parameters": 2460691,
        "gflops": 0.254857216,
        "stride": [
          8.0,
          16.0,
          32.0
        ]
      },
      "s": {
        "yaml": "/home/room305/ZZF/yolov13yuan-6000/ultralytics/cfg/models/v13/cmrf_ablation/yolov13-cmrf-l0.yaml",
        "layer4": "DSC3k2",
        "layer19": "Upsample",
        "parameters": 9026115,
        "gflops": 0.8396288,
        "stride": [
          8.0,
          16.0,
          32.0
        ]
      },
      "l": {
        "yaml": "/home/room305/ZZF/yolov13yuan-6000/ultralytics/cfg/models/v13/cmrf_ablation/yolov13-cmrf-l0.yaml",
        "layer4": "DSC3k2",
        "layer19": "Upsample",
        "parameters": 27569187,
        "gflops": 3.559442432,
        "stride": [
          8.0,
          16.0,
          32.0
        ]
      },
      "x": {
        "yaml": "/home/room305/ZZF/yolov13yuan-6000/ultralytics/cfg/models/v13/cmrf_ablation/yolov13-cmrf-l0.yaml",
        "layer4": "DSC3k2",
        "layer19": "Upsample",
        "parameters": 31679427,
        "gflops": 4.948473856,
        "stride": [
          8.0,
          16.0,
          32.0
        ]
      }
    },
    "c0": {
      "n": {
        "yaml": "/home/room305/ZZF/yolov13yuan-6000/ultralytics/cfg/models/v13/cmrf_ablation/yolov13-cmrf-c0-h3.yaml",
        "layer4": "SCPGDSC3k2",
        "layer19": "Upsample",
        "parameters": 2537949,
        "gflops": 0.294612992,
        "stride": [
          8.0,
          16.0,
          32.0
        ]
      },
      "s": {
        "yaml": "/home/room305/ZZF/yolov13yuan-6000/ultralytics/cfg/models/v13/cmrf_ablation/yolov13-cmrf-c0-h3.yaml",
        "layer4": "SCPGDSC3k2",
        "layer19": "Upsample",
        "parameters": 9330397,
        "gflops": 0.995833856,
        "stride": [
          8.0,
          16.0,
          32.0
        ]
      },
      "l": {
        "yaml": "/home/room305/ZZF/yolov13yuan-6000/ultralytics/cfg/models/v13/cmrf_ablation/yolov13-cmrf-c0-h3.yaml",
        "layer4": "SCPGDSC3k2",
        "layer19": "Upsample",
        "parameters": 28777565,
        "gflops": 4.178970624,
        "stride": [
          8.0,
          16.0,
          32.0
        ]
      },
      "x": {
        "yaml": "/home/room305/ZZF/yolov13yuan-6000/ultralytics/cfg/models/v13/cmrf_ablation/yolov13-cmrf-c0-h3.yaml",
        "layer4": "SCPGDSC3k2",
        "layer19": "Upsample",
        "parameters": 33018877,
        "gflops": 5.635110912,
        "stride": [
          8.0,
          16.0,
          32.0
        ]
      }
    },
    "c1": {
      "n": {
        "yaml": "/home/room305/ZZF/yolov13yuan-6000/ultralytics/cfg/models/v13/cmrf_ablation/yolov13-cmrf-c1-crr.yaml",
        "layer4": "CMRFDSC3k2",
        "layer19": "Upsample",
        "parameters": 2554717,
        "gflops": 0.295251968,
        "stride": [
          8.0,
          16.0,
          32.0
        ]
      },
      "s": {
        "yaml": "/home/room305/ZZF/yolov13yuan-6000/ultralytics/cfg/models/v13/cmrf_ablation/yolov13-cmrf-c1-crr.yaml",
        "layer4": "CMRFDSC3k2",
        "layer19": "Upsample",
        "parameters": 9396333,
        "gflops": 0.997971968,
        "stride": [
          8.0,
          16.0,
          32.0
        ]
      },
      "l": {
        "yaml": "/home/room305/ZZF/yolov13yuan-6000/ultralytics/cfg/models/v13/cmrf_ablation/yolov13-cmrf-c1-crr.yaml",
        "layer4": "CMRFDSC3k2",
        "layer19": "Upsample",
        "parameters": 29040141,
        "gflops": 4.187252736,
        "stride": [
          8.0,
          16.0,
          32.0
        ]
      },
      "x": {
        "yaml": "/home/room305/ZZF/yolov13yuan-6000/ultralytics/cfg/models/v13/cmrf_ablation/yolov13-cmrf-c1-crr.yaml",
        "layer4": "CMRFDSC3k2",
        "layer19": "Upsample",
        "parameters": 33281453,
        "gflops": 5.643393024,
        "stride": [
          8.0,
          16.0,
          32.0
        ]
      }
    },
    "c2": {
      "n": {
        "yaml": "/home/room305/ZZF/yolov13yuan-6000/ultralytics/cfg/models/v13/cmrf_ablation/yolov13-cmrf-c2-smpgr.yaml",
        "layer4": "CMRFDSC3k2",
        "layer19": "Upsample",
        "parameters": 2554717,
        "gflops": 0.295251968,
        "stride": [
          8.0,
          16.0,
          32.0
        ]
      },
      "s": {
        "yaml": "/home/room305/ZZF/yolov13yuan-6000/ultralytics/cfg/models/v13/cmrf_ablation/yolov13-cmrf-c2-smpgr.yaml",
        "layer4": "CMRFDSC3k2",
        "layer19": "Upsample",
        "parameters": 9396333,
        "gflops": 0.997971968,
        "stride": [
          8.0,
          16.0,
          32.0
        ]
      },
      "l": {
        "yaml": "/home/room305/ZZF/yolov13yuan-6000/ultralytics/cfg/models/v13/cmrf_ablation/yolov13-cmrf-c2-smpgr.yaml",
        "layer4": "CMRFDSC3k2",
        "layer19": "Upsample",
        "parameters": 29040141,
        "gflops": 4.187252736,
        "stride": [
          8.0,
          16.0,
          32.0
        ]
      },
      "x": {
        "yaml": "/home/room305/ZZF/yolov13yuan-6000/ultralytics/cfg/models/v13/cmrf_ablation/yolov13-cmrf-c2-smpgr.yaml",
        "layer4": "CMRFDSC3k2",
        "layer19": "Upsample",
        "parameters": 33281453,
        "gflops": 5.643393024,
        "stride": [
          8.0,
          16.0,
          32.0
        ]
      }
    },
    "c3": {
      "n": {
        "yaml": "/home/room305/ZZF/yolov13yuan-6000/ultralytics/cfg/models/v13/cmrf_ablation/yolov13-cmrf-c3-h3-rfa.yaml",
        "layer4": "SCPGDSC3k2",
        "layer19": "ReliabilityFrequencyAlignUp",
        "parameters": 2575040,
        "gflops": 0.311881728,
        "stride": [
          8.0,
          16.0,
          32.0
        ]
      },
      "s": {
        "yaml": "/home/room305/ZZF/yolov13yuan-6000/ultralytics/cfg/models/v13/cmrf_ablation/yolov13-cmrf-c3-h3-rfa.yaml",
        "layer4": "SCPGDSC3k2",
        "layer19": "ReliabilityFrequencyAlignUp",
        "parameters": 9478304,
        "gflops": 1.064974336,
        "stride": [
          8.0,
          16.0,
          32.0
        ]
      },
      "l": {
        "yaml": "/home/room305/ZZF/yolov13yuan-6000/ultralytics/cfg/models/v13/cmrf_ablation/yolov13-cmrf-c3-h3-rfa.yaml",
        "layer4": "SCPGDSC3k2",
        "layer19": "ReliabilityFrequencyAlignUp",
        "parameters": 28962592,
        "gflops": 4.260562944,
        "stride": [
          8.0,
          16.0,
          32.0
        ]
      },
      "x": {
        "yaml": "/home/room305/ZZF/yolov13yuan-6000/ultralytics/cfg/models/v13/cmrf_ablation/yolov13-cmrf-c3-h3-rfa.yaml",
        "layer4": "SCPGDSC3k2",
        "layer19": "ReliabilityFrequencyAlignUp",
        "parameters": 33203904,
        "gflops": 5.716703232,
        "stride": [
          8.0,
          16.0,
          32.0
        ]
      }
    },
    "c4": {
      "n": {
        "yaml": "/home/room305/ZZF/yolov13yuan-6000/ultralytics/cfg/models/v13/cmrf_ablation/yolov13-cmrf-c4-crr-smpg.yaml",
        "layer4": "CMRFDSC3k2",
        "layer19": "Upsample",
        "parameters": 2554717,
        "gflops": 0.295251968,
        "stride": [
          8.0,
          16.0,
          32.0
        ]
      },
      "s": {
        "yaml": "/home/room305/ZZF/yolov13yuan-6000/ultralytics/cfg/models/v13/cmrf_ablation/yolov13-cmrf-c4-crr-smpg.yaml",
        "layer4": "CMRFDSC3k2",
        "layer19": "Upsample",
        "parameters": 9396333,
        "gflops": 0.997971968,
        "stride": [
          8.0,
          16.0,
          32.0
        ]
      },
      "l": {
        "yaml": "/home/room305/ZZF/yolov13yuan-6000/ultralytics/cfg/models/v13/cmrf_ablation/yolov13-cmrf-c4-crr-smpg.yaml",
        "layer4": "CMRFDSC3k2",
        "layer19": "Upsample",
        "parameters": 29040141,
        "gflops": 4.187252736,
        "stride": [
          8.0,
          16.0,
          32.0
        ]
      },
      "x": {
        "yaml": "/home/room305/ZZF/yolov13yuan-6000/ultralytics/cfg/models/v13/cmrf_ablation/yolov13-cmrf-c4-crr-smpg.yaml",
        "layer4": "CMRFDSC3k2",
        "layer19": "Upsample",
        "parameters": 33281453,
        "gflops": 5.643393024,
        "stride": [
          8.0,
          16.0,
          32.0
        ]
      }
    },
    "c5": {
      "n": {
        "yaml": "/home/room305/ZZF/yolov13yuan-6000/ultralytics/cfg/models/v13/cmrf_ablation/yolov13-cmrf-c5-full.yaml",
        "layer4": "CMRFDSC3k2",
        "layer19": "ReliabilityFrequencyAlignUp",
        "parameters": 2591808,
        "gflops": 0.312520704,
        "stride": [
          8.0,
          16.0,
          32.0
        ]
      },
      "s": {
        "yaml": "/home/room305/ZZF/yolov13yuan-6000/ultralytics/cfg/models/v13/cmrf_ablation/yolov13-cmrf-c5-full.yaml",
        "layer4": "CMRFDSC3k2",
        "layer19": "ReliabilityFrequencyAlignUp",
        "parameters": 9544240,
        "gflops": 1.067112448,
        "stride": [
          8.0,
          16.0,
          32.0
        ]
      },
      "l": {
        "yaml": "/home/room305/ZZF/yolov13yuan-6000/ultralytics/cfg/models/v13/cmrf_ablation/yolov13-cmrf-c5-full.yaml",
        "layer4": "CMRFDSC3k2",
        "layer19": "ReliabilityFrequencyAlignUp",
        "parameters": 29225168,
        "gflops": 4.268845056,
        "stride": [
          8.0,
          16.0,
          32.0
        ]
      },
      "x": {
        "yaml": "/home/room305/ZZF/yolov13yuan-6000/ultralytics/cfg/models/v13/cmrf_ablation/yolov13-cmrf-c5-full.yaml",
        "layer4": "CMRFDSC3k2",
        "layer19": "ReliabilityFrequencyAlignUp",
        "parameters": 33466480,
        "gflops": 5.724985344,
        "stride": [
          8.0,
          16.0,
          32.0
        ]
      }
    }
  }
}
