FlashAttention is not available on this device. Using scaled_dot_product_attention instead.
WARNING ⚠️ no model scale passed. Assuming scale='n'.
Transferred 847/945 items from pretrained weights
New https://pypi.org/project/ultralytics/8.4.103 available 😃 Update with 'pip install -U ultralytics'
Ultralytics 8.3.63 🚀 Python-3.10.14 torch-2.13.0+cu132 CUDA:0 (NVIDIA RTX PRO 6000 Blackwell Workstation Edition, 97250MiB)
[34m[1mengine/trainer: [0mtask=detect, mode=train, model=/home/room305/ZZF/yolov13yuan-6000/ultralytics/cfg/models/v13/yolov13-ramp-k1-baseline.yaml, data=/home/room305/ZZF/URPC2020half/data.yaml, epochs=300, time=None, patience=40, batch=16, imgsz=640, save=True, save_period=-1, cache=False, device=0, workers=2, project=/home/room305/ZZF/yolov13yuan-6000/runs/train, name=ramp_20260721_104447_k1_seed2, exist_ok=False, pretrained=/home/room305/ZZF/yolov13yuan-6000/yolov13n.pt, optimizer=auto, verbose=True, seed=2, deterministic=True, single_cls=False, rect=False, cos_lr=False, close_mosaic=5, resume=False, amp=False, fraction=1.0, profile=False, freeze=None, multi_scale=False, overlap_mask=True, mask_ratio=4, dropout=0.0, val=True, split=val, save_json=False, save_hybrid=False, conf=None, iou=0.7, max_det=300, half=False, dnn=False, plots=False, source=None, vid_stride=1, stream_buffer=False, visualize=False, augment=False, agnostic_nms=False, classes=None, retina_masks=False, embed=None, show=False, save_frames=False, save_txt=False, save_conf=False, save_crop=False, show_labels=True, show_conf=True, show_boxes=True, line_width=None, format=torchscript, keras=False, optimize=False, int8=False, dynamic=False, simplify=True, opset=None, workspace=None, nms=False, lr0=0.01, lrf=0.01, momentum=0.937, weight_decay=0.0005, warmup_epochs=3.0, warmup_momentum=0.8, warmup_bias_lr=0.0, box=7.5, cls=0.5, dfl=1.5, pose=12.0, kobj=1.0, nbs=64, hsv_h=0.015, hsv_s=0.7, hsv_v=0.4, degrees=0.0, translate=0.1, scale=0.5, shear=0.0, perspective=0.0, flipud=0.0, fliplr=0.5, bgr=0.0, mosaic=1.0, mixup=0.0, copy_paste=0.1, copy_paste_mode=flip, auto_augment=randaugment, erasing=0.4, crop_fraction=1.0, cfg=None, tracker=botsort.yaml, save_dir=/home/room305/ZZF/yolov13yuan-6000/runs/train/ramp_20260721_104447_k1_seed2
WARNING ⚠️ no model scale passed. Assuming scale='n'.

                   from  n    params  module                                       arguments                     
  0                  -1  1       464  ultralytics.nn.modules.conv.Conv             [3, 16, 3, 2]                 
  1                  -1  1      2368  ultralytics.nn.modules.conv.Conv             [16, 32, 3, 2, 1, 2]          
  2                  -1  1      5792  ultralytics.nn.modules.block.DSC3k2          [32, 64, 1, False, 0.25]      
  3                  -1  1      9344  ultralytics.nn.modules.conv.Conv             [64, 64, 3, 2, 1, 4]          
  4                  -1  1     20800  ultralytics.nn.modules.block.DSC3k2          [64, 128, 1, False, 0.25]     
  5                  -1  1     17792  ultralytics.nn.modules.conv.DSConv           [128, 128, 3, 2]              
  6                  -1  2    174720  ultralytics.nn.modules.block.A2C2f           [128, 128, 2, True, 4]        
  7                  -1  1     34432  ultralytics.nn.modules.conv.DSConv           [128, 256, 3, 2]              
  8                  -1  2    677120  ultralytics.nn.modules.block.A2C2f           [256, 256, 2, True, 1]        
  9           [4, 6, 8]  1    273536  ultralytics.nn.modules.block.HyperACE        [128, 128, 1, 4, True, True, 0.5, 1, 'both']
 10                  -1  1         0  torch.nn.modules.upsampling.Upsample         [None, 2, 'nearest']          
 11                   9  1     33280  ultralytics.nn.modules.block.DownsampleConv  [128]                         
 12              [6, 9]  1         1  ultralytics.nn.modules.block.FullPAD_Tunnel  []                            
 13             [4, 10]  1         1  ultralytics.nn.modules.block.FullPAD_Tunnel  []                            
 14             [8, 11]  1         1  ultralytics.nn.modules.block.FullPAD_Tunnel  []                            
 15                  -1  1         0  torch.nn.modules.upsampling.Upsample         [None, 2, 'nearest']          
 16            [-1, 12]  1         0  ultralytics.nn.modules.conv.Concat           [1]                           
 17                  -1  1    115328  ultralytics.nn.modules.block.DSC3k2          [384, 128, 1, True]           
 18             [-1, 9]  1         1  ultralytics.nn.modules.block.FullPAD_Tunnel  []                            
 19                  17  1         0  torch.nn.modules.upsampling.Upsample         [None, 2, 'nearest']          
 20            [-1, 13]  1         0  ultralytics.nn.modules.conv.Concat           [1]                           
 21                  -1  1     35136  ultralytics.nn.modules.block.DSC3k2          [256, 64, 1, True]            
 22                  10  1      8320  ultralytics.nn.modules.conv.Conv             [128, 64, 1, 1]               
 23            [21, 22]  1         1  ultralytics.nn.modules.block.FullPAD_Tunnel  []                            
 24                  -1  1     36992  ultralytics.nn.modules.conv.Conv             [64, 64, 3, 2]                
 25            [-1, 18]  1         0  ultralytics.nn.modules.conv.Concat           [1]                           
 26                  -1  1     90752  ultralytics.nn.modules.block.DSC3k2          [192, 128, 1, True]           
 27             [-1, 9]  1         1  ultralytics.nn.modules.block.FullPAD_Tunnel  []                            
 28                  26  1    147712  ultralytics.nn.modules.conv.Conv             [128, 128, 3, 2]              
 29            [-1, 14]  1         0  ultralytics.nn.modules.conv.Concat           [1]                           
 30                  -1  1    345344  ultralytics.nn.modules.block.DSC3k2          [384, 256, 1, True]           
 31            [-1, 11]  1         1  ultralytics.nn.modules.block.FullPAD_Tunnel  []                            
 32     [2, 23, 27, 31]  1    445470  ultralytics.nn.modules.head.RAMPDetect       [4, 0.1, 4, -4.0, True, True, 64, [64, 128, 256]]
YOLOv13-ramp-k1-baseline summary: 676 layers, 2,474,709 parameters, 2,474,693 gradients, 6.6 GFLOPs

Transferred 945/945 items from pretrained weights
Freezing layer 'model.32.dfl.conv.weight'
[34m[1mtrain: [0mScanning /home/room305/ZZF/URPC2020half/labels/train...:   0%|          | 0/2301 [00:00<?, ?it/s][34m[1mtrain: [0mScanning /home/room305/ZZF/URPC2020half/labels/train... 461 images, 19 backgrounds, 0 corrupt:  20%|██        | 461/2301 [00:00<00:00, 4588.59it/s][34m[1mtrain: [0mScanning /home/room305/ZZF/URPC2020half/labels/train... 920 images, 19 backgrounds, 0 corrupt:  40%|███▉      | 920/2301 [00:00<00:00, 4541.33it/s][34m[1mtrain: [0mScanning /home/room305/ZZF/URPC2020half/labels/train... 1384 images, 26 backgrounds, 0 corrupt:  60%|██████    | 1384/2301 [00:00<00:00, 4579.25it/s][34m[1mtrain: [0mScanning /home/room305/ZZF/URPC2020half/labels/train... 1895 images, 33 backgrounds, 0 corrupt:  82%|████████▏ | 1895/2301 [00:00<00:00, 4782.21it/s][34m[1mtrain: [0mScanning /home/room305/ZZF/URPC2020half/labels/train... 2301 images, 40 backgrounds, 0 corrupt: 100%|██████████| 2301/2301 [00:00<00:00, 4775.10it/s]
Traceback (most recent call last):
  File "/home/room305/ZZF/yolov13yuan-6000/ultralytics/data/dataset.py", line 139, in get_labels
    assert cache["version"] == DATASET_CACHE_VERSION  # matches current version
AssertionError

During handling of the above exception, another exception occurred:

Traceback (most recent call last):
  File "/home/room305/ZZF/yolov13yuan-6000/tools/train_ramp_worker.py", line 92, in <module>
    main()
  File "/home/room305/ZZF/yolov13yuan-6000/tools/train_ramp_worker.py", line 79, in main
    model.train(
  File "/home/room305/ZZF/yolov13yuan-6000/ultralytics/engine/model.py", line 808, in train
    self.trainer.train()
  File "/home/room305/ZZF/yolov13yuan-6000/ultralytics/engine/trainer.py", line 207, in train
    self._do_train(world_size)
  File "/home/room305/ZZF/yolov13yuan-6000/ultralytics/engine/trainer.py", line 323, in _do_train
    self._setup_train(world_size)
  File "/home/room305/ZZF/yolov13yuan-6000/ultralytics/engine/trainer.py", line 287, in _setup_train
    self.train_loader = self.get_dataloader(self.trainset, batch_size=batch_size, rank=LOCAL_RANK, mode="train")
  File "/home/room305/ZZF/yolov13yuan-6000/ultralytics/models/yolo/detect/train.py", line 49, in get_dataloader
    dataset = self.build_dataset(dataset_path, mode, batch_size)
  File "/home/room305/ZZF/yolov13yuan-6000/ultralytics/models/yolo/detect/train.py", line 43, in build_dataset
    return build_yolo_dataset(self.args, img_path, batch, self.data, mode=mode, rect=mode == "val", stride=gs)
  File "/home/room305/ZZF/yolov13yuan-6000/ultralytics/data/build.py", line 95, in build_yolo_dataset
    return dataset(
  File "/home/room305/ZZF/yolov13yuan-6000/ultralytics/data/dataset.py", line 64, in __init__
    super().__init__(*args, **kwargs)
  File "/home/room305/ZZF/yolov13yuan-6000/ultralytics/data/base.py", line 74, in __init__
    self.labels = self.get_labels()
  File "/home/room305/ZZF/yolov13yuan-6000/ultralytics/data/dataset.py", line 142, in get_labels
    cache, exists = self.cache_labels(cache_path), False  # run cache ops
  File "/home/room305/ZZF/yolov13yuan-6000/ultralytics/data/dataset.py", line 130, in cache_labels
    save_dataset_cache_file(self.prefix, path, x, DATASET_CACHE_VERSION)
  File "/home/room305/ZZF/yolov13yuan-6000/ultralytics/data/utils.py", line 719, in save_dataset_cache_file
    path.with_suffix(".cache.npy").rename(path)  # remove .npy suffix
  File "/home/room305/.conda/envs/yolov13/lib/python3.10/pathlib.py", line 1234, in rename
    self._accessor.rename(self, target)
FileNotFoundError: [Errno 2] No such file or directory: '/home/room305/ZZF/URPC2020half/labels/train.cache.npy' -> '/home/room305/ZZF/URPC2020half/labels/train.cache'
